../Core/Src/main.c:97:6:Forwrad	16	static
../Core/Src/main.c:114:6:LineFollowerRun	8	static,ignoring_inline_asm
../Core/Src/main.c:126:6:LineFollowerCalibration	16	static
../Core/Src/main.c:181:10:Flash_Write_Data	32	static
../Core/Src/main.c:219:6:Flash_Read_Data	24	static
../Core/Src/main.c:235:5:main	32	static
../Core/Src/main.c:321:6:SystemClock_Config	88	static
../Core/Src/main.c:368:13:MX_ADC1_Init	24	static
../Core/Src/main.c:484:13:MX_SPI2_Init	8	static
../Core/Src/main.c:522:13:MX_TIM1_Init	96	static
../Core/Src/main.c:609:13:MX_TIM2_Init	32	static
../Core/Src/main.c:652:13:MX_DMA_Init	16	static
../Core/Src/main.c:674:13:MX_GPIO_Init	48	static
../Core/Src/main.c:782:6:HAL_ADC_ConvCpltCallback	16	static,ignoring_inline_asm
../Core/Src/main.c:794:6:Error_Handler	4	static,ignoring_inline_asm
