../Core/Src/main.c:123:6:Forwrad	16	static
../Core/Src/main.c:131:6:Left	4	static
../Core/Src/main.c:139:6:Right	4	static
../Core/Src/main.c:147:6:LineFollowerCalibration	16	static
../Core/Src/main.c:202:10:Flash_Write_Data	32	static
../Core/Src/main.c:233:6:Flash_Read_Data	24	static
../Core/Src/main.c:249:5:main	48	static
../Core/Src/main.c:413:6:SystemClock_Config	88	static
../Core/Src/main.c:460:13:MX_ADC1_Init	24	static
../Core/Src/main.c:576:13:MX_SPI2_Init	8	static
../Core/Src/main.c:614:13:MX_TIM1_Init	96	static
../Core/Src/main.c:701:13:MX_TIM2_Init	32	static
../Core/Src/main.c:744:13:MX_DMA_Init	16	static
../Core/Src/main.c:766:13:MX_GPIO_Init	48	static
../Core/Src/main.c:821:6:NeoPixel_ShowBlue	40	static
../Core/Src/main.c:850:6:HAL_ADC_ConvCpltCallback	16	static,ignoring_inline_asm
../Core/Src/main.c:857:6:HAL_SPI_TxCpltCallback	16	static,ignoring_inline_asm
../Core/Src/main.c:868:6:Error_Handler	4	static,ignoring_inline_asm
