../Core/Src/main.c:135:20:Forwrad	16	static
../Core/Src/main.c:143:20:Left	4	static
../Core/Src/main.c:151:20:Right	4	static
../Core/Src/main.c:159:6:LineFollowerCalibration	16	static
../Core/Src/main.c:215:10:Flash_Write_Data	32	static
../Core/Src/main.c:246:6:Flash_Read_Data	24	static
../Core/Src/main.c:262:5:main	48	static
../Core/Src/main.c:463:6:SystemClock_Config	88	static
../Core/Src/main.c:510:13:MX_ADC1_Init	24	static
../Core/Src/main.c:626:13:MX_SPI2_Init	8	static
../Core/Src/main.c:664:13:MX_TIM1_Init	96	static
../Core/Src/main.c:751:13:MX_TIM2_Init	32	static
../Core/Src/main.c:794:13:MX_DMA_Init	16	static
../Core/Src/main.c:816:13:MX_GPIO_Init	48	static
../Core/Src/main.c:871:6:NeoPixel_ShowBlue	40	static
../Core/Src/main.c:898:6:NeoPixel_ShowRed	40	static
../Core/Src/main.c:926:6:HAL_ADC_ConvCpltCallback	16	static,ignoring_inline_asm
../Core/Src/main.c:933:6:HAL_SPI_TxCpltCallback	16	static,ignoring_inline_asm
../Core/Src/main.c:944:6:Error_Handler	4	static,ignoring_inline_asm
