../Core/Src/main.c:110:6:Forwrad	16	static
../Core/Src/main.c:127:6:LineFollowerRun	8	static,ignoring_inline_asm
../Core/Src/main.c:139:6:LineFollowerCalibration	16	static
../Core/Src/main.c:194:10:Flash_Write_Data	32	static
../Core/Src/main.c:225:6:Flash_Read_Data	24	static
../Core/Src/main.c:241:5:main	32	static
../Core/Src/main.c:406:6:SystemClock_Config	88	static
../Core/Src/main.c:453:13:MX_ADC1_Init	24	static
../Core/Src/main.c:569:13:MX_SPI2_Init	8	static
../Core/Src/main.c:607:13:MX_TIM1_Init	96	static
../Core/Src/main.c:694:13:MX_TIM2_Init	32	static
../Core/Src/main.c:737:13:MX_DMA_Init	16	static
../Core/Src/main.c:759:13:MX_GPIO_Init	48	static
../Core/Src/main.c:814:6:NeoPixel_ShowBlue	40	static
../Core/Src/main.c:843:6:HAL_ADC_ConvCpltCallback	16	static,ignoring_inline_asm
../Core/Src/main.c:850:6:HAL_SPI_TxCpltCallback	16	static,ignoring_inline_asm
../Core/Src/main.c:861:6:Error_Handler	4	static,ignoring_inline_asm
