../Core/Src/main.c:125:6:Forwrad	16	static
../Core/Src/main.c:133:6:Left	4	static
../Core/Src/main.c:141:6:Right	4	static
../Core/Src/main.c:149:6:LineFollowerCalibration	16	static
../Core/Src/main.c:204:10:Flash_Write_Data	32	static
../Core/Src/main.c:235:6:Flash_Read_Data	24	static
../Core/Src/main.c:251:5:main	48	static
../Core/Src/main.c:424:6:SystemClock_Config	88	static
../Core/Src/main.c:471:13:MX_ADC1_Init	24	static
../Core/Src/main.c:587:13:MX_SPI2_Init	8	static
../Core/Src/main.c:625:13:MX_TIM1_Init	96	static
../Core/Src/main.c:712:13:MX_TIM2_Init	32	static
../Core/Src/main.c:755:13:MX_DMA_Init	16	static
../Core/Src/main.c:777:13:MX_GPIO_Init	48	static
../Core/Src/main.c:832:6:NeoPixel_ShowBlue	40	static
../Core/Src/main.c:861:6:HAL_ADC_ConvCpltCallback	16	static,ignoring_inline_asm
../Core/Src/main.c:868:6:HAL_SPI_TxCpltCallback	16	static,ignoring_inline_asm
../Core/Src/main.c:879:6:Error_Handler	4	static,ignoring_inline_asm
