../Core/Src/main.c:95:6:Forwrad	16	static
../Core/Src/main.c:112:6:LineFollowerRun	8	static,ignoring_inline_asm
../Core/Src/main.c:124:6:LineFollowerCalibration	16	static
../Core/Src/main.c:184:5:main	32	static
../Core/Src/main.c:270:6:SystemClock_Config	88	static
../Core/Src/main.c:317:13:MX_ADC1_Init	24	static
../Core/Src/main.c:433:13:MX_SPI2_Init	8	static
../Core/Src/main.c:471:13:MX_TIM1_Init	96	static
../Core/Src/main.c:558:13:MX_TIM2_Init	32	static
../Core/Src/main.c:601:13:MX_DMA_Init	16	static
../Core/Src/main.c:623:13:MX_GPIO_Init	48	static
../Core/Src/main.c:731:6:HAL_ADC_ConvCpltCallback	16	static,ignoring_inline_asm
../Core/Src/main.c:743:6:Error_Handler	4	static,ignoring_inline_asm
