../Core/Src/main.c:125:6:Forwrad	1
../Core/Src/main.c:133:6:Left	1
../Core/Src/main.c:141:6:Right	1
../Core/Src/main.c:149:6:LineFollowerCalibration	20
../Core/Src/main.c:204:10:Flash_Write_Data	3
../Core/Src/main.c:235:6:Flash_Read_Data	2
../Core/Src/main.c:251:5:main	50
../Core/Src/main.c:424:6:SystemClock_Config	3
../Core/Src/main.c:471:13:MX_ADC1_Init	10
../Core/Src/main.c:587:13:MX_SPI2_Init	2
../Core/Src/main.c:625:13:MX_TIM1_Init	10
../Core/Src/main.c:712:13:MX_TIM2_Init	4
../Core/Src/main.c:755:13:MX_DMA_Init	1
../Core/Src/main.c:777:13:MX_GPIO_Init	1
../Core/Src/main.c:832:6:NeoPixel_ShowBlue	4
../Core/Src/main.c:861:6:HAL_ADC_ConvCpltCallback	1
../Core/Src/main.c:868:6:HAL_SPI_TxCpltCallback	1
../Core/Src/main.c:879:6:Error_Handler	1
