../Core/Src/main.c:134:20:Forwrad	16	static
../Core/Src/main.c:142:20:Left	4	static
../Core/Src/main.c:150:20:Right	4	static
../Core/Src/main.c:158:6:LineFollowerCalibration	16	static
../Core/Src/main.c:214:10:Flash_Write_Data	32	static
../Core/Src/main.c:245:6:Flash_Read_Data	24	static
../Core/Src/main.c:261:5:main	48	static
../Core/Src/main.c:444:6:SystemClock_Config	88	static
../Core/Src/main.c:491:13:MX_ADC1_Init	24	static
../Core/Src/main.c:607:13:MX_SPI2_Init	8	static
../Core/Src/main.c:645:13:MX_TIM1_Init	96	static
../Core/Src/main.c:732:13:MX_TIM2_Init	32	static
../Core/Src/main.c:775:13:MX_DMA_Init	16	static
../Core/Src/main.c:797:13:MX_GPIO_Init	48	static
../Core/Src/main.c:852:6:NeoPixel_ShowBlue	40	static
../Core/Src/main.c:879:6:NeoPixel_ShowRed	40	static
../Core/Src/main.c:907:6:HAL_ADC_ConvCpltCallback	16	static,ignoring_inline_asm
../Core/Src/main.c:914:6:HAL_SPI_TxCpltCallback	16	static,ignoring_inline_asm
../Core/Src/main.c:925:6:Error_Handler	4	static,ignoring_inline_asm
