../Core/Src/main.c:97:6:Forwrad	16	static
../Core/Src/main.c:114:6:LineFollowerRun	8	static,ignoring_inline_asm
../Core/Src/main.c:126:6:LineFollowerCalibration	16	static
../Core/Src/main.c:181:10:Flash_Write_Data	32	static
../Core/Src/main.c:212:6:Flash_Read_Data	24	static
../Core/Src/main.c:228:5:main	32	static
../Core/Src/main.c:316:6:SystemClock_Config	88	static
../Core/Src/main.c:363:13:MX_ADC1_Init	24	static
../Core/Src/main.c:479:13:MX_SPI2_Init	8	static
../Core/Src/main.c:517:13:MX_TIM1_Init	96	static
../Core/Src/main.c:604:13:MX_TIM2_Init	32	static
../Core/Src/main.c:647:13:MX_DMA_Init	16	static
../Core/Src/main.c:669:13:MX_GPIO_Init	48	static
../Core/Src/main.c:724:6:NeoPixel_SetPixel	16	static
../Core/Src/main.c:733:6:NeoPixel_Show	32	static
../Core/Src/main.c:768:6:NeoPixel_Clear	16	static
../Core/Src/main.c:777:6:HAL_ADC_ConvCpltCallback	16	static,ignoring_inline_asm
../Core/Src/main.c:789:6:Error_Handler	4	static,ignoring_inline_asm
