../Core/Src/main.c:123:6:Forwrad	1
../Core/Src/main.c:131:6:Left	1
../Core/Src/main.c:139:6:Right	1
../Core/Src/main.c:147:6:LineFollowerCalibration	20
../Core/Src/main.c:202:10:Flash_Write_Data	3
../Core/Src/main.c:233:6:Flash_Read_Data	2
../Core/Src/main.c:249:5:main	50
../Core/Src/main.c:413:6:SystemClock_Config	3
../Core/Src/main.c:460:13:MX_ADC1_Init	10
../Core/Src/main.c:576:13:MX_SPI2_Init	2
../Core/Src/main.c:614:13:MX_TIM1_Init	10
../Core/Src/main.c:701:13:MX_TIM2_Init	4
../Core/Src/main.c:744:13:MX_DMA_Init	1
../Core/Src/main.c:766:13:MX_GPIO_Init	1
../Core/Src/main.c:821:6:NeoPixel_ShowBlue	4
../Core/Src/main.c:850:6:HAL_ADC_ConvCpltCallback	1
../Core/Src/main.c:857:6:HAL_SPI_TxCpltCallback	1
../Core/Src/main.c:868:6:Error_Handler	1
