../Core/Src/main.c:106:6:Forwrad	16	static
../Core/Src/main.c:123:6:LineFollowerRun	8	static,ignoring_inline_asm
../Core/Src/main.c:135:6:LineFollowerCalibration	16	static
../Core/Src/main.c:190:10:Flash_Write_Data	32	static
../Core/Src/main.c:221:6:Flash_Read_Data	24	static
../Core/Src/main.c:237:5:main	32	static
../Core/Src/main.c:379:6:SystemClock_Config	88	static
../Core/Src/main.c:426:13:MX_ADC1_Init	24	static
../Core/Src/main.c:542:13:MX_SPI2_Init	8	static
../Core/Src/main.c:580:13:MX_TIM1_Init	96	static
../Core/Src/main.c:667:13:MX_TIM2_Init	32	static
../Core/Src/main.c:710:13:MX_DMA_Init	16	static
../Core/Src/main.c:732:13:MX_GPIO_Init	48	static
../Core/Src/main.c:787:6:NeoPixel_ShowBlue	40	static
../Core/Src/main.c:816:6:HAL_ADC_ConvCpltCallback	16	static,ignoring_inline_asm
../Core/Src/main.c:823:6:HAL_SPI_TxCpltCallback	16	static,ignoring_inline_asm
../Core/Src/main.c:834:6:Error_Handler	4	static,ignoring_inline_asm
