../Core/Src/main.c:126:20:Forwrad	16	static
../Core/Src/main.c:134:20:Left	4	static
../Core/Src/main.c:142:20:Right	4	static
../Core/Src/main.c:150:6:LineFollowerCalibration	16	static
../Core/Src/main.c:205:10:Flash_Write_Data	32	static
../Core/Src/main.c:236:6:Flash_Read_Data	24	static
../Core/Src/main.c:252:5:main	48	static
../Core/Src/main.c:425:6:SystemClock_Config	88	static
../Core/Src/main.c:472:13:MX_ADC1_Init	24	static
../Core/Src/main.c:588:13:MX_SPI2_Init	8	static
../Core/Src/main.c:626:13:MX_TIM1_Init	96	static
../Core/Src/main.c:713:13:MX_TIM2_Init	32	static
../Core/Src/main.c:756:13:MX_DMA_Init	16	static
../Core/Src/main.c:778:13:MX_GPIO_Init	48	static
../Core/Src/main.c:833:6:NeoPixel_ShowBlue	40	static
../Core/Src/main.c:862:6:HAL_ADC_ConvCpltCallback	16	static,ignoring_inline_asm
../Core/Src/main.c:869:6:HAL_SPI_TxCpltCallback	16	static,ignoring_inline_asm
../Core/Src/main.c:880:6:Error_Handler	4	static,ignoring_inline_asm
